// Jest Snapshot v1, https://goo.gl/fbAQLP

exports[`Search Dictionary Success User can search  1`] = `ShallowWrapper {}`;
